2026-04-16 20:21:56,227 — INFO — ════════════════════════════════════════════════════════════
2026-04-16 20:21:56,227 — INFO —   JOB MARKET PIPELINE — Démarrage
2026-04-16 20:21:56,227 — INFO — ════════════════════════════════════════════════════════════
2026-04-16 20:21:56,228 — INFO — 
────────────────────────────────────────────────────────────
2026-04-16 20:21:56,228 — INFO —   ÉTAPE 1 — Extraction FranceTravail
2026-04-16 20:21:56,228 — INFO — ────────────────────────────────────────────────────────────
2026-04-16 20:22:03,156 — ERROR — Extraction FT échouée : 'tuple' object has no attribute 'replace'
2026-04-16 20:22:03,159 — INFO — 
────────────────────────────────────────────────────────────
2026-04-16 20:22:03,159 — INFO —   ÉTAPE 2 — Extraction WTTJ
2026-04-16 20:22:03,159 — INFO — ────────────────────────────────────────────────────────────
2026-04-16 20:22:03,241 — INFO — 
────────────────────────────────────────────────────────────
2026-04-16 20:22:03,241 — INFO —   ÉTAPE 3 — Normalisation
2026-04-16 20:22:03,241 — INFO — ────────────────────────────────────────────────────────────
2026-04-16 20:22:03,327 — INFO — 
────────────────────────────────────────────────────────────
2026-04-16 20:22:03,327 — INFO —   ÉTAPE 4 — Insertion MongoDB
2026-04-16 20:22:03,327 — INFO — ────────────────────────────────────────────────────────────
2026-04-16 20:22:03,656 — WARNING — Insertion partielle : 565 OK, 1 erreurs.
2026-04-16 20:22:03,657 — INFO — 
────────────────────────────────────────────────────────────
2026-04-16 20:22:03,657 — INFO —   ÉTAPE 5 — Insertion PostgreSQL
2026-04-16 20:22:03,657 — INFO — ────────────────────────────────────────────────────────────
2026-04-16 20:22:03,230 — INFO — Commit effectué — toutes les insertions validées.
2026-04-16 20:22:03,231 — INFO — 
────────────────────────────────────────────────────────────
2026-04-16 20:22:03,231 — INFO —   ÉTAPE 6 — Insertion Elasticsearch
2026-04-16 20:22:03,232 — INFO — ────────────────────────────────────────────────────────────
2026-04-16 20:22:03,385 — INFO — HEAD http://localhost:9200/ [status:200 duration:0.004s]
2026-04-16 20:22:03,387 — INFO — GET http://localhost:9200/ [status:200 duration:0.001s]
2026-04-16 20:22:03,387 — INFO — Connecté à Elasticsearch v8.17.0 sur localhost:9200
2026-04-16 20:22:03,389 — INFO — HEAD http://localhost:9200/offres [status:200 duration:0.002s]
2026-04-16 20:22:03,389 — INFO — Index 'offres' existe déjà — pas de recréation.
2026-04-16 20:22:03,879 — INFO — PUT http://localhost:9200/_bulk [status:200 duration:0.427s]
2026-04-16 20:22:03,928 — INFO — PUT http://localhost:9200/_bulk [status:200 duration:0.042s]
2026-04-16 20:22:03,930 — INFO — 566 documents indexés, 0 erreurs.
2026-04-16 20:22:03,931 — INFO — ════════════════════════════════════════════════════════════
2026-04-16 20:22:03,931 — INFO —   Pipeline terminé en 7.7s
2026-04-16 20:22:03,932 — INFO — ════════════════════════════════════════════════════════════
2026-04-16 20:22:03,932 — INFO — Rapport : {'etapes': {'extraction_ft': "ERREUR : 'tuple' object has no attribute 'replace'", 'extraction_wttj': 'OK', 'normalisation': 'OK', 'mongodb': 'OK', 'postgresql': 'OK', 'elasticsearch': 'OK'}, 'succes': False}
2026-04-16 20:26:58,947 — INFO — ════════════════════════════════════════════════════════════
2026-04-16 20:26:58,947 — INFO —   JOB MARKET PIPELINE — Démarrage
2026-04-16 20:26:58,947 — INFO — ════════════════════════════════════════════════════════════
2026-04-16 20:26:58,947 — INFO — 
────────────────────────────────────────────────────────────
2026-04-16 20:26:58,947 — INFO —   ÉTAPE 1 — Extraction FranceTravail
2026-04-16 20:26:58,947 — INFO — ────────────────────────────────────────────────────────────
2026-04-16 20:27:03,290 — ERROR — Extraction FT échouée : 'tuple' object has no attribute 'replace'
2026-04-16 20:27:03,292 — INFO — 
────────────────────────────────────────────────────────────
2026-04-16 20:27:03,293 — INFO —   ÉTAPE 2 — Extraction WTTJ
2026-04-16 20:27:03,293 — INFO — ────────────────────────────────────────────────────────────
2026-04-16 20:27:03,367 — INFO — 
────────────────────────────────────────────────────────────
2026-04-16 20:27:03,368 — INFO —   ÉTAPE 3 — Normalisation
2026-04-16 20:27:03,368 — INFO — ────────────────────────────────────────────────────────────
2026-04-16 20:27:03,457 — INFO — 
────────────────────────────────────────────────────────────
2026-04-16 20:27:03,457 — INFO —   ÉTAPE 4 — Insertion MongoDB
2026-04-16 20:27:03,457 — INFO — ────────────────────────────────────────────────────────────
2026-04-16 20:27:03,675 — WARNING — Insertion partielle : 0 OK, 566 erreurs.
2026-04-16 20:27:03,676 — INFO — 
────────────────────────────────────────────────────────────
2026-04-16 20:27:03,676 — INFO —   ÉTAPE 5 — Insertion PostgreSQL
2026-04-16 20:27:03,676 — INFO — ────────────────────────────────────────────────────────────
2026-04-16 20:27:05,263 — INFO — Commit effectué — toutes les insertions validées.
2026-04-16 20:27:05,264 — INFO — 
────────────────────────────────────────────────────────────
2026-04-16 20:27:05,264 — INFO —   ÉTAPE 6 — Insertion Elasticsearch
2026-04-16 20:27:05,264 — INFO — ────────────────────────────────────────────────────────────
2026-04-16 20:27:05,390 — INFO — HEAD http://localhost:9200/ [status:200 duration:0.002s]
2026-04-16 20:27:05,392 — INFO — GET http://localhost:9200/ [status:200 duration:0.001s]
2026-04-16 20:27:05,393 — INFO — Connecté à Elasticsearch v8.17.0 sur localhost:9200
2026-04-16 20:27:05,394 — INFO — HEAD http://localhost:9200/offres [status:200 duration:0.002s]
2026-04-16 20:27:05,395 — INFO — Index 'offres' existe déjà — pas de recréation.
2026-04-16 20:27:05,630 — INFO — PUT http://localhost:9200/_bulk [status:200 duration:0.176s]
2026-04-16 20:27:05,673 — INFO — PUT http://localhost:9200/_bulk [status:200 duration:0.036s]
2026-04-16 20:27:05,673 — INFO — 566 documents indexés, 0 erreurs.
2026-04-16 20:27:05,674 — INFO — ════════════════════════════════════════════════════════════
2026-04-16 20:27:05,674 — INFO —   Pipeline terminé en 6.7s
2026-04-16 20:27:05,674 — INFO — ════════════════════════════════════════════════════════════
2026-04-16 20:27:05,674 — INFO — Rapport : {'etapes': {'extraction_ft': "ERREUR : 'tuple' object has no attribute 'replace'", 'extraction_wttj': 'OK', 'normalisation': 'OK', 'mongodb': 'OK', 'postgresql': 'OK', 'elasticsearch': 'OK'}, 'succes': False}
2026-04-16 20:30:09,106 — INFO — ════════════════════════════════════════════════════════════
2026-04-16 20:30:09,107 — INFO —   JOB MARKET PIPELINE — Démarrage
2026-04-16 20:30:09,107 — INFO — ════════════════════════════════════════════════════════════
2026-04-16 20:30:09,107 — INFO — 
────────────────────────────────────────────────────────────
2026-04-16 20:30:09,107 — INFO —   ÉTAPE 1 — Extraction FranceTravail
2026-04-16 20:30:09,107 — INFO — ────────────────────────────────────────────────────────────
2026-04-16 20:30:13,440 — ERROR — Extraction FT échouée : 'tuple' object has no attribute 'replace'
2026-04-16 20:30:13,442 — INFO — 
────────────────────────────────────────────────────────────
2026-04-16 20:30:13,442 — INFO —   ÉTAPE 2 — Extraction WTTJ
2026-04-16 20:30:13,443 — INFO — ────────────────────────────────────────────────────────────
2026-04-16 20:30:21,455 — INFO — 
────────────────────────────────────────────────────────────
2026-04-16 20:30:21,456 — INFO —   ÉTAPE 3 — Normalisation
2026-04-16 20:30:21,456 — INFO — ────────────────────────────────────────────────────────────
2026-04-16 20:30:21,531 — INFO — 
────────────────────────────────────────────────────────────
2026-04-16 20:30:21,531 — INFO —   ÉTAPE 4 — Insertion MongoDB
2026-04-16 20:30:21,531 — INFO — ────────────────────────────────────────────────────────────
2026-04-16 20:30:21,736 — WARNING — Insertion partielle : 0 OK, 466 erreurs.
2026-04-16 20:30:21,737 — INFO — 
────────────────────────────────────────────────────────────
2026-04-16 20:30:21,737 — INFO —   ÉTAPE 5 — Insertion PostgreSQL
2026-04-16 20:30:21,737 — INFO — ────────────────────────────────────────────────────────────
2026-04-16 20:30:22,722 — INFO — Commit effectué — toutes les insertions validées.
2026-04-16 20:30:22,723 — INFO — 
────────────────────────────────────────────────────────────
2026-04-16 20:30:22,723 — INFO —   ÉTAPE 6 — Insertion Elasticsearch
2026-04-16 20:30:22,723 — INFO — ────────────────────────────────────────────────────────────
2026-04-16 20:30:22,844 — INFO — HEAD http://localhost:9200/ [status:200 duration:0.003s]
2026-04-16 20:30:22,845 — INFO — GET http://localhost:9200/ [status:200 duration:0.001s]
2026-04-16 20:30:22,846 — INFO — Connecté à Elasticsearch v8.17.0 sur localhost:9200
2026-04-16 20:30:22,847 — INFO — HEAD http://localhost:9200/offres [status:200 duration:0.002s]
2026-04-16 20:30:22,848 — INFO — Index 'offres' existe déjà — pas de recréation.
2026-04-16 20:30:23,055 — INFO — PUT http://localhost:9200/_bulk [status:200 duration:0.162s]
2026-04-16 20:30:23,060 — INFO — 466 documents indexés, 0 erreurs.
2026-04-16 20:30:23,062 — INFO — ════════════════════════════════════════════════════════════
2026-04-16 20:30:23,062 — INFO —   Pipeline terminé en 14.0s
2026-04-16 20:30:23,062 — INFO — ════════════════════════════════════════════════════════════
2026-04-16 20:30:23,062 — INFO — Rapport : {'etapes': {'extraction_ft': "ERREUR : 'tuple' object has no attribute 'replace'", 'extraction_wttj': 'OK', 'normalisation': 'OK', 'mongodb': 'OK', 'postgresql': 'OK', 'elasticsearch': 'OK'}, 'succes': False}
2026-04-16 20:35:46,789 — INFO — ════════════════════════════════════════════════════════════
2026-04-16 20:35:46,790 — INFO —   JOB MARKET PIPELINE — Démarrage
2026-04-16 20:35:46,790 — INFO — ════════════════════════════════════════════════════════════
2026-04-16 20:35:46,790 — INFO — 
────────────────────────────────────────────────────────────
2026-04-16 20:35:46,790 — INFO —   ÉTAPE 1 — Extraction FranceTravail
2026-04-16 20:35:46,790 — INFO — ────────────────────────────────────────────────────────────
2026-04-16 20:35:51,209 — INFO — 
────────────────────────────────────────────────────────────
2026-04-16 20:35:51,209 — INFO —   ÉTAPE 2 — Extraction WTTJ
2026-04-16 20:35:51,209 — INFO — ────────────────────────────────────────────────────────────
2026-04-16 20:35:58,496 — INFO — 
────────────────────────────────────────────────────────────
2026-04-16 20:35:58,496 — INFO —   ÉTAPE 3 — Normalisation
2026-04-16 20:35:58,497 — INFO — ────────────────────────────────────────────────────────────
2026-04-16 20:35:58,577 — INFO — 
────────────────────────────────────────────────────────────
2026-04-16 20:35:58,577 — INFO —   ÉTAPE 4 — Insertion MongoDB
2026-04-16 20:35:58,577 — INFO — ────────────────────────────────────────────────────────────
2026-04-16 20:35:58,787 — WARNING — Insertion partielle : 495 OK, 105 erreurs.
2026-04-16 20:35:58,789 — INFO — 
────────────────────────────────────────────────────────────
2026-04-16 20:35:58,789 — INFO —   ÉTAPE 5 — Insertion PostgreSQL
2026-04-16 20:35:58,789 — INFO — ────────────────────────────────────────────────────────────
2026-04-16 20:36:00,004 — INFO — Commit effectué — toutes les insertions validées.
2026-04-16 20:36:00,005 — INFO — 
────────────────────────────────────────────────────────────
2026-04-16 20:36:00,005 — INFO —   ÉTAPE 6 — Insertion Elasticsearch
2026-04-16 20:36:00,005 — INFO — ────────────────────────────────────────────────────────────
2026-04-16 20:36:00,136 — INFO — HEAD http://localhost:9200/ [status:200 duration:0.002s]
2026-04-16 20:36:00,138 — INFO — GET http://localhost:9200/ [status:200 duration:0.001s]
2026-04-16 20:36:00,138 — INFO — Connecté à Elasticsearch v8.17.0 sur localhost:9200
2026-04-16 20:36:00,141 — INFO — HEAD http://localhost:9200/offres [status:200 duration:0.002s]
2026-04-16 20:36:00,141 — INFO — Index 'offres' existe déjà — pas de recréation.
2026-04-16 20:36:00,388 — INFO — PUT http://localhost:9200/_bulk [status:200 duration:0.184s]
2026-04-16 20:36:00,453 — INFO — PUT http://localhost:9200/_bulk [status:200 duration:0.050s]
2026-04-16 20:36:00,455 — INFO — 600 documents indexés, 0 erreurs.
2026-04-16 20:36:00,456 — INFO — ════════════════════════════════════════════════════════════
2026-04-16 20:36:00,456 — INFO —   Pipeline terminé en 13.7s
2026-04-16 20:36:00,456 — INFO — ════════════════════════════════════════════════════════════
2026-04-16 20:36:00,456 — INFO — Rapport : {'etapes': {'extraction_ft': 'OK', 'extraction_wttj': 'OK', 'normalisation': 'OK', 'mongodb': 'OK', 'postgresql': 'OK', 'elasticsearch': 'OK'}, 'succes': True}
2026-04-16 20:46:57,246 — INFO — HEAD http://localhost:9200/ [status:200 duration:0.003s]
2026-04-16 20:46:57,249 — INFO — HEAD http://localhost:9200/offres [status:200 duration:0.002s]
2026-04-16 20:46:57,366 — INFO — DELETE http://localhost:9200/offres [status:200 duration:0.116s]
2026-04-16 20:46:57,706 — INFO — PUT http://localhost:9200/offres [status:200 duration:0.340s]
2026-04-16 20:47:08,774 — INFO — ════════════════════════════════════════════════════════════
2026-04-16 20:47:08,774 — INFO —   JOB MARKET PIPELINE — Démarrage
2026-04-16 20:47:08,775 — INFO — ════════════════════════════════════════════════════════════
2026-04-16 20:47:08,775 — INFO — 
────────────────────────────────────────────────────────────
2026-04-16 20:47:08,775 — INFO —   ÉTAPE 1 — Extraction FranceTravail
2026-04-16 20:47:08,775 — INFO — ────────────────────────────────────────────────────────────
2026-04-16 20:47:13,165 — INFO — 
────────────────────────────────────────────────────────────
2026-04-16 20:47:13,166 — INFO —   ÉTAPE 2 — Extraction WTTJ
2026-04-16 20:47:13,166 — INFO — ────────────────────────────────────────────────────────────
2026-04-16 20:47:17,785 — INFO — 
────────────────────────────────────────────────────────────
2026-04-16 20:47:17,785 — INFO —   ÉTAPE 3 — Normalisation
2026-04-16 20:47:17,785 — INFO — ────────────────────────────────────────────────────────────
2026-04-16 20:47:17,861 — INFO — 
────────────────────────────────────────────────────────────
2026-04-16 20:47:17,861 — INFO —   ÉTAPE 4 — Insertion MongoDB
2026-04-16 20:47:17,861 — INFO — ────────────────────────────────────────────────────────────
2026-04-16 20:47:18,028 — WARNING — Insertion partielle : 599 OK, 1 erreurs.
2026-04-16 20:47:18,029 — INFO — 
────────────────────────────────────────────────────────────
2026-04-16 20:47:18,030 — INFO —   ÉTAPE 5 — Insertion PostgreSQL
2026-04-16 20:47:18,030 — INFO — ────────────────────────────────────────────────────────────
2026-04-16 20:47:19,347 — INFO — Commit effectué — toutes les insertions validées.
2026-04-16 20:47:19,349 — INFO — 
────────────────────────────────────────────────────────────
2026-04-16 20:47:19,349 — INFO —   ÉTAPE 6 — Insertion Elasticsearch
2026-04-16 20:47:19,349 — INFO — ────────────────────────────────────────────────────────────
2026-04-16 20:47:19,492 — INFO — HEAD http://localhost:9200/ [status:200 duration:0.003s]
2026-04-16 20:47:19,494 — INFO — GET http://localhost:9200/ [status:200 duration:0.002s]
2026-04-16 20:47:19,495 — INFO — Connecté à Elasticsearch v8.17.0 sur localhost:9200
2026-04-16 20:47:19,497 — INFO — HEAD http://localhost:9200/offres [status:200 duration:0.002s]
2026-04-16 20:47:19,497 — INFO — Index 'offres' existe déjà — pas de recréation.
2026-04-16 20:47:19,970 — INFO — PUT http://localhost:9200/_bulk [status:200 duration:0.426s]
2026-04-16 20:47:20,091 — INFO — PUT http://localhost:9200/_bulk [status:200 duration:0.109s]
2026-04-16 20:47:20,092 — INFO — 600 documents indexés, 0 erreurs.
2026-04-16 20:47:20,092 — INFO — ════════════════════════════════════════════════════════════
2026-04-16 20:47:20,093 — INFO —   Pipeline terminé en 11.3s
2026-04-16 20:47:20,093 — INFO — ════════════════════════════════════════════════════════════
2026-04-16 20:47:20,093 — INFO — Rapport : {'etapes': {'extraction_ft': 'OK', 'extraction_wttj': 'OK', 'normalisation': 'OK', 'mongodb': 'OK', 'postgresql': 'OK', 'elasticsearch': 'OK'}, 'succes': True}
2026-04-16 20:49:22,936 — INFO — ════════════════════════════════════════════════════════════
2026-04-16 20:49:22,937 — INFO —   JOB MARKET PIPELINE — Démarrage
2026-04-16 20:49:22,937 — INFO — ════════════════════════════════════════════════════════════
2026-04-16 20:49:22,937 — INFO — 
────────────────────────────────────────────────────────────
2026-04-16 20:49:22,937 — INFO —   ÉTAPE 0 — Reset des bases de données
2026-04-16 20:49:22,938 — INFO — ────────────────────────────────────────────────────────────
2026-04-16 20:49:23,433 — INFO — HEAD http://localhost:9200/ [status:200 duration:0.002s]
2026-04-16 20:49:23,436 — INFO — HEAD http://localhost:9200/offres [status:200 duration:0.002s]
2026-04-16 20:49:23,530 — INFO — DELETE http://localhost:9200/offres [status:200 duration:0.094s]
2026-04-16 20:49:23,821 — INFO — PUT http://localhost:9200/offres [status:200 duration:0.290s]
2026-04-16 20:49:23,821 — INFO — 
────────────────────────────────────────────────────────────
2026-04-16 20:49:23,822 — INFO —   ÉTAPE 1 — Extraction FranceTravail
2026-04-16 20:49:23,822 — INFO — ────────────────────────────────────────────────────────────
2026-04-16 20:49:26,521 — INFO — 
────────────────────────────────────────────────────────────
2026-04-16 20:49:26,521 — INFO —   ÉTAPE 2 — Extraction WTTJ
2026-04-16 20:49:26,521 — INFO — ────────────────────────────────────────────────────────────
2026-04-16 20:49:37,013 — INFO — 
────────────────────────────────────────────────────────────
2026-04-16 20:49:37,013 — INFO —   ÉTAPE 3 — Normalisation
2026-04-16 20:49:37,013 — INFO — ────────────────────────────────────────────────────────────
2026-04-16 20:49:37,077 — INFO — 
────────────────────────────────────────────────────────────
2026-04-16 20:49:37,077 — INFO —   ÉTAPE 4 — Insertion MongoDB
2026-04-16 20:49:37,077 — INFO — ────────────────────────────────────────────────────────────
2026-04-16 20:49:37,167 — INFO — 404 offres inserees avec succes.
2026-04-16 20:49:37,168 — INFO — 
────────────────────────────────────────────────────────────
2026-04-16 20:49:37,168 — INFO —   ÉTAPE 5 — Insertion PostgreSQL
2026-04-16 20:49:37,168 — INFO — ────────────────────────────────────────────────────────────
2026-04-16 20:49:38,901 — INFO — Commit effectué — toutes les insertions validées.
2026-04-16 20:49:38,902 — INFO — 
────────────────────────────────────────────────────────────
2026-04-16 20:49:38,902 — INFO —   ÉTAPE 6 — Insertion Elasticsearch
2026-04-16 20:49:38,902 — INFO — ────────────────────────────────────────────────────────────
2026-04-16 20:49:38,908 — INFO — HEAD http://localhost:9200/ [status:200 duration:0.002s]
2026-04-16 20:49:38,910 — INFO — GET http://localhost:9200/ [status:200 duration:0.002s]
2026-04-16 20:49:38,910 — INFO — Connecté à Elasticsearch v8.17.0 sur localhost:9200
2026-04-16 20:49:38,913 — INFO — HEAD http://localhost:9200/offres [status:200 duration:0.002s]
2026-04-16 20:49:38,913 — INFO — Index 'offres' existe déjà — pas de recréation.
2026-04-16 20:49:39,369 — INFO — PUT http://localhost:9200/_bulk [status:200 duration:0.403s]
2026-04-16 20:49:39,372 — INFO — 404 documents indexés, 0 erreurs.
2026-04-16 20:49:39,372 — INFO — ════════════════════════════════════════════════════════════
2026-04-16 20:49:39,373 — INFO —   Pipeline terminé en 16.4s
2026-04-16 20:49:39,373 — INFO — ════════════════════════════════════════════════════════════
2026-04-16 20:49:39,373 — INFO — Rapport : {'etapes': {'reset': 'OK', 'extraction_ft': 'OK', 'extraction_wttj': 'OK', 'normalisation': 'OK', 'mongodb': 'OK', 'postgresql': 'OK', 'elasticsearch': 'OK'}, 'succes': True}
2026-04-16 20:56:14,914 — INFO — ════════════════════════════════════════════════════════════
2026-04-16 20:56:14,915 — INFO —   JOB MARKET PIPELINE — Démarrage
2026-04-16 20:56:14,915 — INFO — ════════════════════════════════════════════════════════════
2026-04-16 20:56:14,915 — INFO — 
────────────────────────────────────────────────────────────
2026-04-16 20:56:14,915 — INFO —   ÉTAPE 0 — Reset des bases de données
2026-04-16 20:56:14,916 — INFO — ────────────────────────────────────────────────────────────
2026-04-16 20:56:15,468 — INFO — HEAD http://localhost:9200/ [status:200 duration:0.003s]
2026-04-16 20:56:15,471 — INFO — HEAD http://localhost:9200/offres [status:200 duration:0.002s]
2026-04-16 20:56:15,555 — INFO — DELETE http://localhost:9200/offres [status:200 duration:0.084s]
2026-04-16 20:56:15,855 — INFO — PUT http://localhost:9200/offres [status:200 duration:0.299s]
2026-04-16 20:56:15,856 — INFO — 
────────────────────────────────────────────────────────────
2026-04-16 20:56:15,856 — INFO —   ÉTAPE 1 — Extraction FranceTravail
2026-04-16 20:56:15,856 — INFO — ────────────────────────────────────────────────────────────
2026-04-16 20:56:28,274 — INFO — 
────────────────────────────────────────────────────────────
2026-04-16 20:56:28,274 — INFO —   ÉTAPE 2 — Extraction WTTJ
2026-04-16 20:56:28,274 — INFO — ────────────────────────────────────────────────────────────
2026-04-16 20:56:42,345 — INFO — 
────────────────────────────────────────────────────────────
2026-04-16 20:56:42,345 — INFO —   ÉTAPE 3 — Normalisation
2026-04-16 20:56:42,345 — INFO — ────────────────────────────────────────────────────────────
2026-04-16 20:56:42,573 — INFO — 
────────────────────────────────────────────────────────────
2026-04-16 20:56:42,573 — INFO —   ÉTAPE 4 — Insertion MongoDB
2026-04-16 20:56:42,574 — INFO — ────────────────────────────────────────────────────────────
2026-04-16 20:56:42,794 — WARNING — Insertion partielle : 1797 OK, 3 erreurs.
2026-04-16 20:56:42,797 — INFO — 
────────────────────────────────────────────────────────────
2026-04-16 20:56:42,798 — INFO —   ÉTAPE 5 — Insertion PostgreSQL
2026-04-16 20:56:42,798 — INFO — ────────────────────────────────────────────────────────────
2026-04-16 20:56:44,484 — INFO — Commit effectué — toutes les insertions validées.
2026-04-16 20:56:44,487 — INFO — 
────────────────────────────────────────────────────────────
2026-04-16 20:56:44,487 — INFO —   ÉTAPE 6 — Insertion Elasticsearch
2026-04-16 20:56:44,487 — INFO — ────────────────────────────────────────────────────────────
2026-04-16 20:56:44,495 — INFO — HEAD http://localhost:9200/ [status:200 duration:0.003s]
2026-04-16 20:56:44,497 — INFO — GET http://localhost:9200/ [status:200 duration:0.002s]
2026-04-16 20:56:44,497 — INFO — Connecté à Elasticsearch v8.17.0 sur localhost:9200
2026-04-16 20:56:44,499 — INFO — HEAD http://localhost:9200/offres [status:200 duration:0.002s]
2026-04-16 20:56:44,500 — INFO — Index 'offres' existe déjà — pas de recréation.
2026-04-16 20:56:44,836 — INFO — PUT http://localhost:9200/_bulk [status:200 duration:0.237s]
2026-04-16 20:56:44,982 — INFO — PUT http://localhost:9200/_bulk [status:200 duration:0.098s]
2026-04-16 20:56:45,111 — INFO — PUT http://localhost:9200/_bulk [status:200 duration:0.106s]
2026-04-16 20:56:45,367 — INFO — PUT http://localhost:9200/_bulk [status:200 duration:0.216s]
2026-04-16 20:56:45,369 — INFO — 1800 documents indexés, 0 erreurs.
2026-04-16 20:56:45,371 — INFO — ════════════════════════════════════════════════════════════
2026-04-16 20:56:45,372 — INFO —   Pipeline terminé en 30.5s
2026-04-16 20:56:45,372 — INFO — ════════════════════════════════════════════════════════════
2026-04-16 20:56:45,372 — INFO — Rapport : {'etapes': {'reset': 'OK', 'extraction_ft': 'OK', 'extraction_wttj': 'OK', 'normalisation': 'OK', 'mongodb': 'OK', 'postgresql': 'OK', 'elasticsearch': 'OK'}, 'succes': True}
